2025-09-09 00:53:32 [JavaFX Application Thread] INFO  c.wilsonsinclair.scheduler.Settings - Reading settings from /Users/wilson/Scheduler/settings.json
2025-09-09 00:54:25 [JavaFX Application Thread] INFO  c.wilsonsinclair.scheduler.Settings - Reading settings from /Users/wilson/Scheduler/settings.json
2025-09-09 00:55:21 [JavaFX Application Thread] INFO  c.wilsonsinclair.scheduler.Settings - Reading settings from /Users/wilson/Scheduler/settings.json
2025-09-09 00:55:35 [JavaFX Application Thread] INFO  c.w.s.factories.ScheduleFactory - Generating schedule for 2025-09-09 through 2025-09-16 with Settings{numLunchers=3, numClosers=2, managerHours=45, allowedManagerHourVariance=5}
2025-09-09 00:55:35 [JavaFX Application Thread] INFO  c.w.s.factories.ScheduleFactory - No valid closer shifts found for employee Bridgette on WEDNESDAY
2025-09-09 00:55:54 [JavaFX Application Thread] INFO  c.w.s.factories.ScheduleFactory - Generating schedule for 2025-09-09 through 2025-09-16 with Settings{numLunchers=3, numClosers=2, managerHours=45, allowedManagerHourVariance=5}
2025-09-09 00:55:54 [JavaFX Application Thread] INFO  c.w.s.factories.ScheduleFactory - Optimizing manager hours for Wilson
2025-09-09 00:57:18 [JavaFX Application Thread] INFO  c.wilsonsinclair.scheduler.Settings - Reading settings from /Users/wilson/Scheduler/settings.json
2025-09-09 00:57:23 [JavaFX Application Thread] INFO  c.w.s.factories.ScheduleFactory - Generating schedule for 2025-09-09 through 2025-09-16 with Settings{numLunchers=3, numClosers=2, managerHours=45, allowedManagerHourVariance=5}
2025-09-09 00:57:23 [JavaFX Application Thread] INFO  c.w.s.factories.ScheduleFactory - Optimizing manager hours for Wilson
2025-09-09 00:57:31 [JavaFX Application Thread] INFO  c.w.s.factories.ScheduleFactory - Generating schedule for 2025-09-09 through 2025-09-16 with Settings{numLunchers=3, numClosers=2, managerHours=45, allowedManagerHourVariance=5}
2025-09-09 00:57:31 [JavaFX Application Thread] INFO  c.w.s.factories.ScheduleFactory - Optimizing manager hours for Wilson
2025-09-09 00:57:31 [JavaFX Application Thread] INFO  c.w.s.factories.ScheduleFactory - Employee David has 41.0 hours.. Cleaning up their overtime.
2025-09-09 00:57:31 [JavaFX Application Thread] INFO  c.w.s.factories.ScheduleFactory - David now has 40.0 hours.
2025-09-09 00:57:31 [JavaFX Application Thread] INFO  c.w.s.factories.ScheduleFactory - No valid closer shifts found for employee Bridgette on FRIDAY
2025-09-09 00:57:58 [JavaFX Application Thread] INFO  c.w.s.factories.ScheduleFactory - Generating schedule for 2025-09-09 through 2025-09-16 with Settings{numLunchers=3, numClosers=2, managerHours=45, allowedManagerHourVariance=5}
2025-09-09 00:57:58 [JavaFX Application Thread] INFO  c.w.s.factories.ScheduleFactory - Optimizing manager hours for Wilson
2025-09-09 00:57:58 [JavaFX Application Thread] INFO  c.w.s.factories.ScheduleFactory - Employee David has 41.0 hours.. Cleaning up their overtime.
2025-09-09 00:57:58 [JavaFX Application Thread] INFO  c.w.s.factories.ScheduleFactory - David now has 40.0 hours.
2025-09-09 00:57:58 [JavaFX Application Thread] INFO  c.w.s.factories.ScheduleFactory - No valid closer shifts found for employee Bridgette on FRIDAY
2025-09-09 00:57:58 [JavaFX Application Thread] INFO  c.w.s.factories.ScheduleFactory - No valid closer shifts found for employee Bridgette on WEDNESDAY
2025-09-09 00:58:12 [JavaFX Application Thread] INFO  c.w.s.factories.ScheduleFactory - Generating schedule for 2025-09-09 through 2025-09-16 with Settings{numLunchers=3, numClosers=2, managerHours=45, allowedManagerHourVariance=5}
2025-09-09 00:58:12 [JavaFX Application Thread] INFO  c.w.s.factories.ScheduleFactory - Optimizing manager hours for Wilson
2025-09-09 00:58:12 [JavaFX Application Thread] INFO  c.w.s.factories.ScheduleFactory - No valid closer shifts found for employee Kate on SUNDAY
2025-09-09 00:58:58 [JavaFX Application Thread] INFO  c.w.s.factories.ScheduleFactory - Generating schedule for 2025-09-09 through 2025-09-16 with Settings{numLunchers=3, numClosers=2, managerHours=45, allowedManagerHourVariance=5}
2025-09-09 00:58:58 [JavaFX Application Thread] INFO  c.w.s.factories.ScheduleFactory - Optimizing manager hours for Wilson
2025-09-09 00:58:58 [JavaFX Application Thread] INFO  c.w.s.factories.ScheduleFactory - Employee David has 41.0 hours.. Cleaning up their overtime.
2025-09-09 00:58:58 [JavaFX Application Thread] INFO  c.w.s.factories.ScheduleFactory - David now has 40.0 hours.
2025-09-09 00:58:58 [JavaFX Application Thread] INFO  c.w.s.factories.ScheduleFactory - No valid closer shifts found for employee Kate on SUNDAY
2025-09-09 00:59:09 [JavaFX Application Thread] INFO  c.w.s.factories.ScheduleFactory - Generating schedule for 2025-09-09 through 2025-09-16 with Settings{numLunchers=3, numClosers=2, managerHours=45, allowedManagerHourVariance=5}
2025-09-09 00:59:09 [JavaFX Application Thread] INFO  c.w.s.factories.ScheduleFactory - Optimizing manager hours for Wilson
2025-09-09 00:59:09 [JavaFX Application Thread] INFO  c.w.s.factories.ScheduleFactory - Employee David has 41.0 hours.. Cleaning up their overtime.
2025-09-09 00:59:09 [JavaFX Application Thread] INFO  c.w.s.factories.ScheduleFactory - David now has 40.0 hours.
2025-09-09 00:59:09 [JavaFX Application Thread] INFO  c.w.s.factories.ScheduleFactory - No valid closer shifts found for employee Bridgette on MONDAY
2025-09-09 00:59:09 [JavaFX Application Thread] INFO  c.w.s.factories.ScheduleFactory - No valid closer shifts found for employee Bridgette on WEDNESDAY
2025-09-09 00:59:23 [JavaFX Application Thread] INFO  c.w.s.factories.ScheduleFactory - Generating schedule for 2025-09-09 through 2025-09-16 with Settings{numLunchers=3, numClosers=2, managerHours=45, allowedManagerHourVariance=5}
2025-09-09 00:59:23 [JavaFX Application Thread] INFO  c.w.s.factories.ScheduleFactory - Optimizing manager hours for Wilson
2025-09-09 00:59:23 [JavaFX Application Thread] INFO  c.w.s.factories.ScheduleFactory - No valid closer shifts found for employee Kate on SUNDAY
2025-09-09 01:00:17 [JavaFX Application Thread] INFO  c.w.s.factories.ScheduleFactory - Generating schedule for 2025-09-09 through 2025-09-16 with Settings{numLunchers=3, numClosers=2, managerHours=45, allowedManagerHourVariance=5}
2025-09-09 01:00:17 [JavaFX Application Thread] INFO  c.w.s.factories.ScheduleFactory - Optimizing manager hours for Wilson
2025-09-09 01:00:25 [JavaFX Application Thread] INFO  c.w.s.factories.ScheduleFactory - Generating schedule for 2025-09-09 through 2025-09-16 with Settings{numLunchers=3, numClosers=2, managerHours=45, allowedManagerHourVariance=5}
2025-09-09 01:00:25 [JavaFX Application Thread] INFO  c.w.s.factories.ScheduleFactory - Optimizing manager hours for Wilson
2025-09-09 01:00:25 [JavaFX Application Thread] INFO  c.w.s.factories.ScheduleFactory - No valid closer shifts found for employee Bridgette on TUESDAY
2025-09-09 01:00:25 [JavaFX Application Thread] INFO  c.w.s.factories.ScheduleFactory - No valid closer shifts found for employee Bridgette on FRIDAY
2025-09-09 01:00:31 [JavaFX Application Thread] INFO  c.w.s.factories.ScheduleFactory - Generating schedule for 2025-09-09 through 2025-09-16 with Settings{numLunchers=3, numClosers=2, managerHours=45, allowedManagerHourVariance=5}
2025-09-09 01:00:31 [JavaFX Application Thread] INFO  c.w.s.factories.ScheduleFactory - Optimizing manager hours for Wilson
2025-09-09 01:00:42 [JavaFX Application Thread] INFO  c.w.s.factories.ScheduleFactory - Generating schedule for 2025-09-09 through 2025-09-16 with Settings{numLunchers=3, numClosers=2, managerHours=45, allowedManagerHourVariance=5}
2025-09-09 01:00:42 [JavaFX Application Thread] INFO  c.w.s.factories.ScheduleFactory - Optimizing manager hours for Wilson
2025-09-09 01:00:42 [JavaFX Application Thread] INFO  c.w.s.factories.ScheduleFactory - Employee David has 41.0 hours.. Cleaning up their overtime.
2025-09-09 01:00:42 [JavaFX Application Thread] INFO  c.w.s.factories.ScheduleFactory - David now has 40.0 hours.
2025-09-09 01:00:42 [JavaFX Application Thread] INFO  c.w.s.factories.ScheduleFactory - No valid closer shifts found for employee Bridgette on FRIDAY
2025-09-09 01:00:48 [JavaFX Application Thread] INFO  c.w.s.factories.ScheduleFactory - Generating schedule for 2025-09-09 through 2025-09-16 with Settings{numLunchers=3, numClosers=2, managerHours=45, allowedManagerHourVariance=5}
2025-09-09 01:00:48 [JavaFX Application Thread] INFO  c.w.s.factories.ScheduleFactory - Optimizing manager hours for Wilson
2025-09-09 01:00:48 [JavaFX Application Thread] INFO  c.w.s.factories.ScheduleFactory - No valid closer shifts found for employee Bridgette on TUESDAY
