2025-08-20 00:07:05 [JavaFX Application Thread] INFO  c.wilsonsinclair.scheduler.Settings - Reading settings from C:\Users\wilso\IdeaProjects\Scheduler\settings.json
2025-08-20 00:07:05 [JavaFX Application Thread] ERROR c.w.scheduler.Serializer - Error loading schedules from file.
java.io.InvalidClassException: com.wilsonsinclair.scheduler.time.Day; local class incompatible: stream classdesc serialVersionUID = 131549824852350338, local class serialVersionUID = -5375238717042304755
	at java.base/java.io.ObjectStreamClass.initNonProxy(ObjectStreamClass.java:598)
	at java.base/java.io.ObjectInputStream.readNonProxyDesc(ObjectInputStream.java:2078)
	at java.base/java.io.ObjectInputStream.readClassDesc(ObjectInputStream.java:1927)
	at java.base/java.io.ObjectInputStream.readOrdinaryObject(ObjectInputStream.java:2252)
	at java.base/java.io.ObjectInputStream.readObject0(ObjectInputStream.java:1762)
	at java.base/java.io.ObjectInputStream.readObject(ObjectInputStream.java:540)
	at java.base/java.io.ObjectInputStream.readObject(ObjectInputStream.java:498)
	at com.wilsonsinclair.scheduler@1.0-SNAPSHOT/com.wilsonsinclair.scheduler.time.Schedule.readObject(Schedule.java:97)
	at java.base/jdk.internal.reflect.DirectMethodHandleAccessor.invoke(DirectMethodHandleAccessor.java:103)
	at java.base/java.lang.reflect.Method.invoke(Method.java:580)
	at java.base/java.io.ObjectStreamClass.invokeReadObject(ObjectStreamClass.java:1102)
	at java.base/java.io.ObjectInputStream.readSerialData(ObjectInputStream.java:2444)
	at java.base/java.io.ObjectInputStream.readOrdinaryObject(ObjectInputStream.java:2284)
	at java.base/java.io.ObjectInputStream.readObject0(ObjectInputStream.java:1762)
	at java.base/java.io.ObjectInputStream.readObject(ObjectInputStream.java:540)
	at java.base/java.io.ObjectInputStream.readObject(ObjectInputStream.java:498)
	at java.base/java.util.ArrayList.readObject(ArrayList.java:981)
	at java.base/jdk.internal.reflect.DirectMethodHandleAccessor.invoke(DirectMethodHandleAccessor.java:103)
	at java.base/java.lang.reflect.Method.invoke(Method.java:580)
	at java.base/java.io.ObjectStreamClass.invokeReadObject(ObjectStreamClass.java:1102)
	at java.base/java.io.ObjectInputStream.readSerialData(ObjectInputStream.java:2444)
	at java.base/java.io.ObjectInputStream.readOrdinaryObject(ObjectInputStream.java:2284)
	at java.base/java.io.ObjectInputStream.readObject0(ObjectInputStream.java:1762)
	at java.base/java.io.ObjectInputStream.readObject(ObjectInputStream.java:540)
	at java.base/java.io.ObjectInputStream.readObject(ObjectInputStream.java:498)
	at com.wilsonsinclair.scheduler@1.0-SNAPSHOT/com.wilsonsinclair.scheduler.SerializableObservableList.readExternal(SerializableObservableList.java:41)
	at java.base/java.io.ObjectInputStream.readExternalData(ObjectInputStream.java:2333)
	at java.base/java.io.ObjectInputStream.readOrdinaryObject(ObjectInputStream.java:2282)
	at java.base/java.io.ObjectInputStream.readObject0(ObjectInputStream.java:1762)
	at java.base/java.io.ObjectInputStream.readObject(ObjectInputStream.java:540)
	at java.base/java.io.ObjectInputStream.readObject(ObjectInputStream.java:498)
	at com.wilsonsinclair.scheduler@1.0-SNAPSHOT/com.wilsonsinclair.scheduler.Serializer.loadSchedules(Serializer.java:91)
	at com.wilsonsinclair.scheduler@1.0-SNAPSHOT/com.wilsonsinclair.scheduler.MainViewController.initialize(MainViewController.java:262)
	at javafx.fxml@21/javafx.fxml.FXMLLoader.loadImpl(FXMLLoader.java:2670)
	at javafx.fxml@21/javafx.fxml.FXMLLoader.loadImpl(FXMLLoader.java:2563)
	at javafx.fxml@21/javafx.fxml.FXMLLoader.load(FXMLLoader.java:2531)
	at com.wilsonsinclair.scheduler@1.0-SNAPSHOT/com.wilsonsinclair.scheduler.Main.start(Main.java:32)
	at javafx.graphics@21/com.sun.javafx.application.LauncherImpl.lambda$launchApplication1$9(LauncherImpl.java:839)
	at javafx.graphics@21/com.sun.javafx.application.PlatformImpl.lambda$runAndWait$12(PlatformImpl.java:483)
	at javafx.graphics@21/com.sun.javafx.application.PlatformImpl.lambda$runLater$10(PlatformImpl.java:456)
	at java.base/java.security.AccessController.doPrivileged(AccessController.java:400)
	at javafx.graphics@21/com.sun.javafx.application.PlatformImpl.lambda$runLater$11(PlatformImpl.java:455)
	at javafx.graphics@21/com.sun.glass.ui.InvokeLaterDispatcher$Future.run(InvokeLaterDispatcher.java:95)
	at javafx.graphics@21/com.sun.glass.ui.win.WinApplication._runLoop(Native Method)
	at javafx.graphics@21/com.sun.glass.ui.win.WinApplication.lambda$runLoop$3(WinApplication.java:185)
	at java.base/java.lang.Thread.run(Thread.java:1583)
2025-08-20 00:07:05 [JavaFX Application Thread] INFO  c.w.scheduler.Serializer - Returning empty schedule list
2025-08-20 00:08:11 [JavaFX Application Thread] INFO  c.w.s.factories.ScheduleFactory - Generating schedule for 2025-08-20 through 2025-08-27 with Settings{numLunchers=3, numClosers=2, managerHours=50, allowedManagerHourVariance=5}
2025-08-20 00:08:11 [JavaFX Application Thread] INFO  c.w.scheduler.MainViewController - Populating schedule table with Aug 20, 2025 - Aug 27, 2025
2025-08-20 00:10:06 [JavaFX Application Thread] INFO  c.w.s.factories.ScheduleFactory - Generating schedule for 2025-08-20 through 2025-08-27 with Settings{numLunchers=3, numClosers=2, managerHours=50, allowedManagerHourVariance=5}
2025-08-20 00:10:06 [JavaFX Application Thread] INFO  c.w.scheduler.MainViewController - Populating schedule table with Aug 20, 2025 - Aug 27, 2025
2025-08-20 00:14:04 [JavaFX Application Thread] INFO  c.w.s.factories.ScheduleFactory - Generating schedule for 2025-08-20 through 2025-08-27 with Settings{numLunchers=3, numClosers=2, managerHours=50, allowedManagerHourVariance=5}
2025-08-20 00:14:04 [JavaFX Application Thread] INFO  c.w.scheduler.MainViewController - Populating schedule table with Aug 20, 2025 - Aug 27, 2025
2025-08-20 00:15:28 [JavaFX Application Thread] INFO  c.w.s.factories.ScheduleFactory - Generating schedule for 2025-08-20 through 2025-08-27 with Settings{numLunchers=3, numClosers=2, managerHours=50, allowedManagerHourVariance=5}
2025-08-20 00:15:28 [JavaFX Application Thread] INFO  c.w.scheduler.MainViewController - Populating schedule table with Aug 20, 2025 - Aug 27, 2025
2025-08-20 00:20:30 [JavaFX Application Thread] INFO  c.wilsonsinclair.scheduler.Settings - Reading settings from C:\Users\wilso\IdeaProjects\Scheduler\settings.json
2025-08-20 00:20:36 [JavaFX Application Thread] INFO  c.w.s.factories.ScheduleFactory - Generating schedule for 2025-08-20 through 2025-08-27 with Settings{numLunchers=3, numClosers=2, managerHours=50, allowedManagerHourVariance=5}
2025-08-20 00:20:36 [JavaFX Application Thread] INFO  c.w.scheduler.MainViewController - Populating schedule table with Aug 20, 2025 - Aug 27, 2025
2025-08-20 00:21:35 [JavaFX Application Thread] INFO  c.w.s.factories.ScheduleFactory - Generating schedule for 2025-08-20 through 2025-08-27 with Settings{numLunchers=3, numClosers=2, managerHours=50, allowedManagerHourVariance=5}
2025-08-20 00:21:35 [JavaFX Application Thread] INFO  c.w.scheduler.MainViewController - Populating schedule table with Aug 20, 2025 - Aug 27, 2025
2025-08-20 00:24:07 [JavaFX Application Thread] INFO  c.w.s.factories.ScheduleFactory - Generating schedule for 2025-08-20 through 2025-08-27 with Settings{numLunchers=3, numClosers=2, managerHours=50, allowedManagerHourVariance=5}
2025-08-20 00:24:07 [JavaFX Application Thread] INFO  c.w.scheduler.MainViewController - Populating schedule table with Aug 20, 2025 - Aug 27, 2025
2025-08-20 00:26:25 [JavaFX Application Thread] INFO  c.wilsonsinclair.scheduler.Settings - Reading settings from C:\Users\wilso\IdeaProjects\Scheduler\settings.json
2025-08-20 00:26:27 [JavaFX Application Thread] INFO  c.w.scheduler.MainViewController - Populating schedule table with Aug 20, 2025 - Aug 27, 2025
2025-08-20 00:26:32 [JavaFX Application Thread] INFO  c.w.s.factories.ScheduleFactory - Generating schedule for 2025-08-20 through 2025-08-27 with Settings{numLunchers=3, numClosers=2, managerHours=50, allowedManagerHourVariance=5}
2025-08-20 00:26:32 [JavaFX Application Thread] INFO  c.w.s.factories.ScheduleFactory - Optimizing manager hours for Wilson
2025-08-20 00:26:32 [JavaFX Application Thread] INFO  c.w.scheduler.MainViewController - Populating schedule table with Aug 20, 2025 - Aug 27, 2025
2025-08-20 00:30:16 [JavaFX Application Thread] INFO  c.wilsonsinclair.scheduler.Settings - Reading settings from C:\Users\wilso\IdeaProjects\Scheduler\settings.json
2025-08-20 00:30:18 [JavaFX Application Thread] INFO  c.w.scheduler.MainViewController - Populating schedule table with Aug 20, 2025 - Aug 27, 2025
2025-08-20 00:30:23 [JavaFX Application Thread] INFO  c.w.s.factories.ScheduleFactory - Generating schedule for 2025-08-20 through 2025-08-27 with Settings{numLunchers=3, numClosers=2, managerHours=50, allowedManagerHourVariance=5}
2025-08-20 00:30:23 [JavaFX Application Thread] INFO  c.w.s.factories.ScheduleFactory - Optimizing manager hours for Wilson
2025-08-20 00:30:23 [JavaFX Application Thread] INFO  c.w.scheduler.MainViewController - Populating schedule table with Aug 20, 2025 - Aug 27, 2025
2025-08-20 00:32:44 [JavaFX Application Thread] INFO  c.wilsonsinclair.scheduler.Settings - Reading settings from C:\Users\wilso\IdeaProjects\Scheduler\settings.json
2025-08-20 00:32:47 [JavaFX Application Thread] INFO  c.w.s.factories.ScheduleFactory - Generating schedule for 2025-08-20 through 2025-08-27 with Settings{numLunchers=3, numClosers=2, managerHours=50, allowedManagerHourVariance=5}
2025-08-20 00:32:47 [JavaFX Application Thread] INFO  c.w.scheduler.MainViewController - Populating schedule table with Aug 20, 2025 - Aug 27, 2025
2025-08-20 00:34:22 [JavaFX Application Thread] INFO  c.w.s.factories.ScheduleFactory - Generating schedule for 2025-08-20 through 2025-08-27 with Settings{numLunchers=3, numClosers=2, managerHours=50, allowedManagerHourVariance=5}
2025-08-20 00:34:22 [JavaFX Application Thread] INFO  c.w.s.factories.ScheduleFactory - Optimizing manager hours for Wilson
2025-08-20 00:34:22 [JavaFX Application Thread] INFO  c.w.scheduler.MainViewController - Populating schedule table with Aug 20, 2025 - Aug 27, 2025
